/Users/ggpai/Desktop/DMA/workspace/M2P_USART2_DMA_SCRATCH/CMSIS_CORE/Include/core_cm4.h:1684:22:__NVIC_EnableIRQ	16	static,ignoring_inline_asm
../Src/main.c:44:5:main	8	static
../Src/main.c:67:6:send_data_over_usart2	16	static
../Src/main.c:88:6:button_Init	8	static
../Src/main.c:129:6:uart2_Init	4	static
../Src/main.c:181:6:dma1_Init	16	static
../Src/main.c:254:6:dma1_stream6_enable	4	static
../Src/main.c:261:6:dma1_interrupt_configuration	8	static
../Src/main.c:286:6:HT_Complete_callback	4	static
../Src/main.c:291:6:FT_Complete_callback	24	static
../Src/main.c:311:6:TE_error_callback	4	static
../Src/main.c:316:6:FE_error_callback	4	static
../Src/main.c:322:6:DME_error_callback	4	static
