15:57:34 **** Incremental Build of configuration Debug for project USART_TO_SRAM_DMA_IT ****
make -j10 all 
arm-none-eabi-gcc "../Core/Src/main.c" -mcpu=cortex-m4 -std=gnu11 -g3 -DDEBUG -DUSE_HAL_DRIVER -DSTM32F446xx -c -I../Core/Inc -I../Drivers/STM32F4xx_HAL_Driver/Inc -I../Drivers/STM32F4xx_HAL_Driver/Inc/Legacy -I../Drivers/CMSIS/Device/ST/STM32F4xx/Include -I../Drivers/CMSIS/Include -O0 -ffunction-sections -fdata-sections -Wall -fstack-usage -fcyclomatic-complexity -MMD -MP -MF"Core/Src/main.d" -MT"Core/Src/main.o" --specs=nano.specs -mfpu=fpv4-sp-d16 -mfloat-abi=hard -mthumb -o "Core/Src/main.o"
arm-none-eabi-gcc -o "USART_TO_SRAM_DMA_IT.elf" @"objects.list"   -mcpu=cortex-m4 -T"/Users/ggpai/Desktop/DMA/workspace/USART_TO_SRAM_DMA_IT/STM32F446RETX_FLASH.ld" --specs=nosys.specs -Wl,-Map="USART_TO_SRAM_DMA_IT.map" -Wl,--gc-sections -static --specs=nano.specs -mfpu=fpv4-sp-d16 -mfloat-abi=hard -mthumb -Wl,--start-group -lc -lm -Wl,--end-group
Finished building target: USART_TO_SRAM_DMA_IT.elf
 
arm-none-eabi-size  USART_TO_SRAM_DMA_IT.elf 
arm-none-eabi-objdump -h -S USART_TO_SRAM_DMA_IT.elf  > "USART_TO_SRAM_DMA_IT.list"
   text	   data	    bss	    dec	    hex	filename
  11808	     12	   1740	  13560	   34f8	USART_TO_SRAM_DMA_IT.elf
Finished building: default.size.stdout
 
Finished building: USART_TO_SRAM_DMA_IT.list
 
15:57:41 **** Incremental Build of configuration Debug for project USART_TO_SRAM_DMA_IT ****
make -j10 all 
arm-none-eabi-size  USART_TO_SRAM_DMA_IT.elf 
   text	   data	    bss	    dec	    hex	filename
  11808	     12	   1740	  13560	   34f8	USART_TO_SRAM_DMA_IT.elf
Finished building: default.size.stdout
 
