22:35:04 **** Incremental Build of configuration Debug for project DMA_Projects ****
make -j10 all 
arm-none-eabi-size  DMA_Projects.elf 
   text	   data	    bss	    dec	    hex	filename
  11792	     16	   1640	  13448	   3488	DMA_Projects.elf
Finished building: default.size.stdout
 
22:35:50 **** Incremental Build of configuration Debug for project DMA_Projects ****
make -j10 all 
arm-none-eabi-size  DMA_Projects.elf 
   text	   data	    bss	    dec	    hex	filename
  11792	     16	   1640	  13448	   3488	DMA_Projects.elf
Finished building: default.size.stdout
 
